unexpectedModel
| Unexpected summary found: repo::test;<crate::option::MyOption as crate::clone::Clone>::clone;Argument[self].Field[core::option::MyOption::MySome(0)].Reference;ReturnValue.Field[core::option::MyOption::MySome(0)];value;dfc-generated |
expectedModel
| Expected summary missing: repo::test;<crate::option::MyOption as crate::clone::Clone>::clone;Argument[self].Reference.Field[core::option::MyOption::MySome(0)];ReturnValue.Field[core::option::MyOption::MySome(0)];value;dfc-generated |
