models
| 1 | Sink: repo::test; crate::simple_sink; test-sink; Argument[0] |
| 2 | Source: repo::test; crate::arg_source; test-source; Argument[0] |
| 3 | Source: repo::test; crate::simple_source; test-source; ReturnValue |
| 4 | Summary: repo::test; crate::apply; Argument[0]; Argument[1].Parameter[0]; value |
| 5 | Summary: repo::test; crate::apply; Argument[1].ReturnValue; ReturnValue; value |
| 6 | Summary: repo::test; crate::coerce; Argument[0]; ReturnValue; taint |
| 7 | Summary: repo::test; crate::get_array_element; Argument[0].Element; ReturnValue; value |
| 8 | Summary: repo::test; crate::get_async_number; Argument[0]; ReturnValue.Future; value |
| 9 | Summary: repo::test; crate::get_tuple_element; Argument[0].Field[0]; ReturnValue; value |
| 10 | Summary: repo::test; crate::set_array_element; Argument[0]; ReturnValue.Element; value |
| 11 | Summary: repo::test; crate::set_tuple_element; Argument[0]; ReturnValue.Field[1]; value |
edges
| main.rs:15:9:15:9 | s | main.rs:16:19:16:19 | s | provenance |  |
| main.rs:15:9:15:9 | s | main.rs:16:19:16:19 | s | provenance |  |
| main.rs:15:13:15:21 | source(...) | main.rs:15:9:15:9 | s | provenance |  |
| main.rs:15:13:15:21 | source(...) | main.rs:15:9:15:9 | s | provenance |  |
| main.rs:16:19:16:19 | s | main.rs:16:10:16:20 | identity(...) | provenance | QL |
| main.rs:16:19:16:19 | s | main.rs:16:10:16:20 | identity(...) | provenance | QL |
| main.rs:25:9:25:9 | s | main.rs:26:17:26:17 | s | provenance |  |
| main.rs:25:13:25:22 | source(...) | main.rs:25:9:25:9 | s | provenance |  |
| main.rs:26:17:26:17 | s | main.rs:26:10:26:18 | coerce(...) | provenance | MaD:6 |
| main.rs:138:9:138:9 | s | main.rs:139:29:139:29 | s | provenance |  |
| main.rs:138:9:138:9 | s | main.rs:139:29:139:29 | s | provenance |  |
| main.rs:138:13:138:21 | source(...) | main.rs:138:9:138:9 | s | provenance |  |
| main.rs:138:13:138:21 | source(...) | main.rs:138:9:138:9 | s | provenance |  |
| main.rs:139:28:139:30 | [...] [element] | main.rs:139:10:139:31 | get_array_element(...) | provenance | MaD:7 |
| main.rs:139:28:139:30 | [...] [element] | main.rs:139:10:139:31 | get_array_element(...) | provenance | MaD:7 |
| main.rs:139:29:139:29 | s | main.rs:139:28:139:30 | [...] [element] | provenance |  |
| main.rs:139:29:139:29 | s | main.rs:139:28:139:30 | [...] [element] | provenance |  |
| main.rs:148:9:148:9 | s | main.rs:149:33:149:33 | s | provenance |  |
| main.rs:148:9:148:9 | s | main.rs:149:33:149:33 | s | provenance |  |
| main.rs:148:13:148:21 | source(...) | main.rs:148:9:148:9 | s | provenance |  |
| main.rs:148:13:148:21 | source(...) | main.rs:148:9:148:9 | s | provenance |  |
| main.rs:149:9:149:11 | arr [element] | main.rs:150:10:150:12 | arr [element] | provenance |  |
| main.rs:149:9:149:11 | arr [element] | main.rs:150:10:150:12 | arr [element] | provenance |  |
| main.rs:149:15:149:34 | set_array_element(...) [element] | main.rs:149:9:149:11 | arr [element] | provenance |  |
| main.rs:149:15:149:34 | set_array_element(...) [element] | main.rs:149:9:149:11 | arr [element] | provenance |  |
| main.rs:149:33:149:33 | s | main.rs:149:15:149:34 | set_array_element(...) [element] | provenance | MaD:10 |
| main.rs:149:33:149:33 | s | main.rs:149:15:149:34 | set_array_element(...) [element] | provenance | MaD:10 |
| main.rs:150:10:150:12 | arr [element] | main.rs:150:10:150:15 | arr[0] | provenance |  |
| main.rs:150:10:150:12 | arr [element] | main.rs:150:10:150:15 | arr[0] | provenance |  |
| main.rs:159:9:159:9 | s | main.rs:160:14:160:14 | s | provenance |  |
| main.rs:159:9:159:9 | s | main.rs:160:14:160:14 | s | provenance |  |
| main.rs:159:13:159:22 | source(...) | main.rs:159:9:159:9 | s | provenance |  |
| main.rs:159:13:159:22 | source(...) | main.rs:159:9:159:9 | s | provenance |  |
| main.rs:160:9:160:9 | t [tuple.0] | main.rs:161:28:161:28 | t [tuple.0] | provenance |  |
| main.rs:160:9:160:9 | t [tuple.0] | main.rs:161:28:161:28 | t [tuple.0] | provenance |  |
| main.rs:160:13:160:18 | TupleExpr [tuple.0] | main.rs:160:9:160:9 | t [tuple.0] | provenance |  |
| main.rs:160:13:160:18 | TupleExpr [tuple.0] | main.rs:160:9:160:9 | t [tuple.0] | provenance |  |
| main.rs:160:14:160:14 | s | main.rs:160:13:160:18 | TupleExpr [tuple.0] | provenance |  |
| main.rs:160:14:160:14 | s | main.rs:160:13:160:18 | TupleExpr [tuple.0] | provenance |  |
| main.rs:161:28:161:28 | t [tuple.0] | main.rs:161:10:161:29 | get_tuple_element(...) | provenance | MaD:9 |
| main.rs:161:28:161:28 | t [tuple.0] | main.rs:161:10:161:29 | get_tuple_element(...) | provenance | MaD:9 |
| main.rs:172:9:172:9 | s | main.rs:173:31:173:31 | s | provenance |  |
| main.rs:172:9:172:9 | s | main.rs:173:31:173:31 | s | provenance |  |
| main.rs:172:13:172:22 | source(...) | main.rs:172:9:172:9 | s | provenance |  |
| main.rs:172:13:172:22 | source(...) | main.rs:172:9:172:9 | s | provenance |  |
| main.rs:173:9:173:9 | t [tuple.1] | main.rs:175:10:175:10 | t [tuple.1] | provenance |  |
| main.rs:173:9:173:9 | t [tuple.1] | main.rs:175:10:175:10 | t [tuple.1] | provenance |  |
| main.rs:173:13:173:32 | set_tuple_element(...) [tuple.1] | main.rs:173:9:173:9 | t [tuple.1] | provenance |  |
| main.rs:173:13:173:32 | set_tuple_element(...) [tuple.1] | main.rs:173:9:173:9 | t [tuple.1] | provenance |  |
| main.rs:173:31:173:31 | s | main.rs:173:13:173:32 | set_tuple_element(...) [tuple.1] | provenance | MaD:11 |
| main.rs:173:31:173:31 | s | main.rs:173:13:173:32 | set_tuple_element(...) [tuple.1] | provenance | MaD:11 |
| main.rs:175:10:175:10 | t [tuple.1] | main.rs:175:10:175:12 | t.1 | provenance |  |
| main.rs:175:10:175:10 | t [tuple.1] | main.rs:175:10:175:12 | t.1 | provenance |  |
| main.rs:184:9:184:9 | s | main.rs:189:11:189:11 | s | provenance |  |
| main.rs:184:9:184:9 | s | main.rs:189:11:189:11 | s | provenance |  |
| main.rs:184:13:184:22 | source(...) | main.rs:184:9:184:9 | s | provenance |  |
| main.rs:184:13:184:22 | source(...) | main.rs:184:9:184:9 | s | provenance |  |
| main.rs:185:14:185:14 | ... | main.rs:186:14:186:14 | n | provenance |  |
| main.rs:185:14:185:14 | ... | main.rs:186:14:186:14 | n | provenance |  |
| main.rs:189:11:189:11 | s | main.rs:185:14:185:14 | ... | provenance | MaD:4 |
| main.rs:189:11:189:11 | s | main.rs:185:14:185:14 | ... | provenance | MaD:4 |
| main.rs:193:13:193:22 | source(...) | main.rs:195:23:195:23 | f [captured s] | provenance |  |
| main.rs:193:13:193:22 | source(...) | main.rs:195:23:195:23 | f [captured s] | provenance |  |
| main.rs:194:40:194:40 | s | main.rs:194:17:194:42 | if ... {...} else {...} | provenance |  |
| main.rs:194:40:194:40 | s | main.rs:194:17:194:42 | if ... {...} else {...} | provenance |  |
| main.rs:195:9:195:9 | t | main.rs:196:10:196:10 | t | provenance |  |
| main.rs:195:9:195:9 | t | main.rs:196:10:196:10 | t | provenance |  |
| main.rs:195:13:195:24 | apply(...) | main.rs:195:9:195:9 | t | provenance |  |
| main.rs:195:13:195:24 | apply(...) | main.rs:195:9:195:9 | t | provenance |  |
| main.rs:195:23:195:23 | f [captured s] | main.rs:194:40:194:40 | s | provenance | MaD:4 |
| main.rs:195:23:195:23 | f [captured s] | main.rs:194:40:194:40 | s | provenance | MaD:4 |
| main.rs:195:23:195:23 | f [captured s] | main.rs:194:40:194:40 | s | provenance | MaD:5 |
| main.rs:195:23:195:23 | f [captured s] | main.rs:194:40:194:40 | s | provenance | MaD:5 |
| main.rs:195:23:195:23 | f [captured s] | main.rs:195:13:195:24 | apply(...) | provenance | MaD:4 |
| main.rs:195:23:195:23 | f [captured s] | main.rs:195:13:195:24 | apply(...) | provenance | MaD:4 |
| main.rs:195:23:195:23 | f [captured s] | main.rs:195:13:195:24 | apply(...) | provenance | MaD:5 |
| main.rs:195:23:195:23 | f [captured s] | main.rs:195:13:195:24 | apply(...) | provenance | MaD:5 |
| main.rs:200:9:200:9 | s | main.rs:202:19:202:19 | s | provenance |  |
| main.rs:200:9:200:9 | s | main.rs:202:19:202:19 | s | provenance |  |
| main.rs:200:13:200:22 | source(...) | main.rs:200:9:200:9 | s | provenance |  |
| main.rs:200:13:200:22 | source(...) | main.rs:200:9:200:9 | s | provenance |  |
| main.rs:201:14:201:14 | ... | main.rs:201:17:201:42 | if ... {...} else {...} | provenance |  |
| main.rs:201:14:201:14 | ... | main.rs:201:17:201:42 | if ... {...} else {...} | provenance |  |
| main.rs:202:9:202:9 | t | main.rs:203:10:203:10 | t | provenance |  |
| main.rs:202:9:202:9 | t | main.rs:203:10:203:10 | t | provenance |  |
| main.rs:202:13:202:23 | apply(...) | main.rs:202:9:202:9 | t | provenance |  |
| main.rs:202:13:202:23 | apply(...) | main.rs:202:9:202:9 | t | provenance |  |
| main.rs:202:19:202:19 | s | main.rs:201:14:201:14 | ... | provenance | MaD:4 |
| main.rs:202:19:202:19 | s | main.rs:201:14:201:14 | ... | provenance | MaD:4 |
| main.rs:202:19:202:19 | s | main.rs:202:13:202:23 | apply(...) | provenance | MaD:4 |
| main.rs:202:19:202:19 | s | main.rs:202:13:202:23 | apply(...) | provenance | MaD:4 |
| main.rs:212:9:212:9 | s | main.rs:213:30:213:30 | s | provenance |  |
| main.rs:212:9:212:9 | s | main.rs:213:30:213:30 | s | provenance |  |
| main.rs:212:13:212:22 | source(...) | main.rs:212:9:212:9 | s | provenance |  |
| main.rs:212:13:212:22 | source(...) | main.rs:212:9:212:9 | s | provenance |  |
| main.rs:213:9:213:9 | t | main.rs:214:10:214:10 | t | provenance |  |
| main.rs:213:9:213:9 | t | main.rs:214:10:214:10 | t | provenance |  |
| main.rs:213:13:213:31 | get_async_number(...) [future] | main.rs:213:13:213:37 | await ... | provenance |  |
| main.rs:213:13:213:31 | get_async_number(...) [future] | main.rs:213:13:213:37 | await ... | provenance |  |
| main.rs:213:13:213:37 | await ... | main.rs:213:9:213:9 | t | provenance |  |
| main.rs:213:13:213:37 | await ... | main.rs:213:9:213:9 | t | provenance |  |
| main.rs:213:30:213:30 | s | main.rs:213:13:213:31 | get_async_number(...) [future] | provenance | MaD:8 |
| main.rs:213:30:213:30 | s | main.rs:213:13:213:31 | get_async_number(...) [future] | provenance | MaD:8 |
| main.rs:270:9:270:9 | s | main.rs:271:10:271:10 | s | provenance |  |
| main.rs:270:9:270:9 | s | main.rs:271:10:271:10 | s | provenance |  |
| main.rs:270:13:270:25 | simple_source | main.rs:270:13:270:29 | simple_source(...) | provenance | Src:MaD:3 MaD:3 |
| main.rs:270:13:270:25 | simple_source | main.rs:270:13:270:29 | simple_source(...) | provenance | Src:MaD:3 MaD:3 |
| main.rs:270:13:270:29 | simple_source(...) | main.rs:270:9:270:9 | s | provenance |  |
| main.rs:270:13:270:29 | simple_source(...) | main.rs:270:9:270:9 | s | provenance |  |
| main.rs:278:9:278:9 | s | main.rs:279:17:279:17 | s | provenance |  |
| main.rs:278:9:278:9 | s | main.rs:279:17:279:17 | s | provenance |  |
| main.rs:278:13:278:22 | source(...) | main.rs:278:9:278:9 | s | provenance |  |
| main.rs:278:13:278:22 | source(...) | main.rs:278:9:278:9 | s | provenance |  |
| main.rs:279:17:279:17 | s | main.rs:279:5:279:15 | simple_sink | provenance | MaD:1 Sink:MaD:1 |
| main.rs:279:17:279:17 | s | main.rs:279:5:279:15 | simple_sink | provenance | MaD:1 Sink:MaD:1 |
| main.rs:287:5:287:14 | arg_source | main.rs:287:16:287:16 | [post] i | provenance | Src:MaD:2 MaD:2 |
| main.rs:287:5:287:14 | arg_source | main.rs:287:16:287:16 | [post] i | provenance | Src:MaD:2 MaD:2 |
| main.rs:287:16:287:16 | [post] i | main.rs:288:10:288:10 | i | provenance |  |
| main.rs:287:16:287:16 | [post] i | main.rs:288:10:288:10 | i | provenance |  |
nodes
| main.rs:15:9:15:9 | s | semmle.label | s |
| main.rs:15:9:15:9 | s | semmle.label | s |
| main.rs:15:13:15:21 | source(...) | semmle.label | source(...) |
| main.rs:15:13:15:21 | source(...) | semmle.label | source(...) |
| main.rs:16:10:16:20 | identity(...) | semmle.label | identity(...) |
| main.rs:16:10:16:20 | identity(...) | semmle.label | identity(...) |
| main.rs:16:19:16:19 | s | semmle.label | s |
| main.rs:16:19:16:19 | s | semmle.label | s |
| main.rs:25:9:25:9 | s | semmle.label | s |
| main.rs:25:13:25:22 | source(...) | semmle.label | source(...) |
| main.rs:26:10:26:18 | coerce(...) | semmle.label | coerce(...) |
| main.rs:26:17:26:17 | s | semmle.label | s |
| main.rs:138:9:138:9 | s | semmle.label | s |
| main.rs:138:9:138:9 | s | semmle.label | s |
| main.rs:138:13:138:21 | source(...) | semmle.label | source(...) |
| main.rs:138:13:138:21 | source(...) | semmle.label | source(...) |
| main.rs:139:10:139:31 | get_array_element(...) | semmle.label | get_array_element(...) |
| main.rs:139:10:139:31 | get_array_element(...) | semmle.label | get_array_element(...) |
| main.rs:139:28:139:30 | [...] [element] | semmle.label | [...] [element] |
| main.rs:139:28:139:30 | [...] [element] | semmle.label | [...] [element] |
| main.rs:139:29:139:29 | s | semmle.label | s |
| main.rs:139:29:139:29 | s | semmle.label | s |
| main.rs:148:9:148:9 | s | semmle.label | s |
| main.rs:148:9:148:9 | s | semmle.label | s |
| main.rs:148:13:148:21 | source(...) | semmle.label | source(...) |
| main.rs:148:13:148:21 | source(...) | semmle.label | source(...) |
| main.rs:149:9:149:11 | arr [element] | semmle.label | arr [element] |
| main.rs:149:9:149:11 | arr [element] | semmle.label | arr [element] |
| main.rs:149:15:149:34 | set_array_element(...) [element] | semmle.label | set_array_element(...) [element] |
| main.rs:149:15:149:34 | set_array_element(...) [element] | semmle.label | set_array_element(...) [element] |
| main.rs:149:33:149:33 | s | semmle.label | s |
| main.rs:149:33:149:33 | s | semmle.label | s |
| main.rs:150:10:150:12 | arr [element] | semmle.label | arr [element] |
| main.rs:150:10:150:12 | arr [element] | semmle.label | arr [element] |
| main.rs:150:10:150:15 | arr[0] | semmle.label | arr[0] |
| main.rs:150:10:150:15 | arr[0] | semmle.label | arr[0] |
| main.rs:159:9:159:9 | s | semmle.label | s |
| main.rs:159:9:159:9 | s | semmle.label | s |
| main.rs:159:13:159:22 | source(...) | semmle.label | source(...) |
| main.rs:159:13:159:22 | source(...) | semmle.label | source(...) |
| main.rs:160:9:160:9 | t [tuple.0] | semmle.label | t [tuple.0] |
| main.rs:160:9:160:9 | t [tuple.0] | semmle.label | t [tuple.0] |
| main.rs:160:13:160:18 | TupleExpr [tuple.0] | semmle.label | TupleExpr [tuple.0] |
| main.rs:160:13:160:18 | TupleExpr [tuple.0] | semmle.label | TupleExpr [tuple.0] |
| main.rs:160:14:160:14 | s | semmle.label | s |
| main.rs:160:14:160:14 | s | semmle.label | s |
| main.rs:161:10:161:29 | get_tuple_element(...) | semmle.label | get_tuple_element(...) |
| main.rs:161:10:161:29 | get_tuple_element(...) | semmle.label | get_tuple_element(...) |
| main.rs:161:28:161:28 | t [tuple.0] | semmle.label | t [tuple.0] |
| main.rs:161:28:161:28 | t [tuple.0] | semmle.label | t [tuple.0] |
| main.rs:172:9:172:9 | s | semmle.label | s |
| main.rs:172:9:172:9 | s | semmle.label | s |
| main.rs:172:13:172:22 | source(...) | semmle.label | source(...) |
| main.rs:172:13:172:22 | source(...) | semmle.label | source(...) |
| main.rs:173:9:173:9 | t [tuple.1] | semmle.label | t [tuple.1] |
| main.rs:173:9:173:9 | t [tuple.1] | semmle.label | t [tuple.1] |
| main.rs:173:13:173:32 | set_tuple_element(...) [tuple.1] | semmle.label | set_tuple_element(...) [tuple.1] |
| main.rs:173:13:173:32 | set_tuple_element(...) [tuple.1] | semmle.label | set_tuple_element(...) [tuple.1] |
| main.rs:173:31:173:31 | s | semmle.label | s |
| main.rs:173:31:173:31 | s | semmle.label | s |
| main.rs:175:10:175:10 | t [tuple.1] | semmle.label | t [tuple.1] |
| main.rs:175:10:175:10 | t [tuple.1] | semmle.label | t [tuple.1] |
| main.rs:175:10:175:12 | t.1 | semmle.label | t.1 |
| main.rs:175:10:175:12 | t.1 | semmle.label | t.1 |
| main.rs:184:9:184:9 | s | semmle.label | s |
| main.rs:184:9:184:9 | s | semmle.label | s |
| main.rs:184:13:184:22 | source(...) | semmle.label | source(...) |
| main.rs:184:13:184:22 | source(...) | semmle.label | source(...) |
| main.rs:185:14:185:14 | ... | semmle.label | ... |
| main.rs:185:14:185:14 | ... | semmle.label | ... |
| main.rs:186:14:186:14 | n | semmle.label | n |
| main.rs:186:14:186:14 | n | semmle.label | n |
| main.rs:189:11:189:11 | s | semmle.label | s |
| main.rs:189:11:189:11 | s | semmle.label | s |
| main.rs:193:13:193:22 | source(...) | semmle.label | source(...) |
| main.rs:193:13:193:22 | source(...) | semmle.label | source(...) |
| main.rs:194:17:194:42 | if ... {...} else {...} | semmle.label | if ... {...} else {...} |
| main.rs:194:17:194:42 | if ... {...} else {...} | semmle.label | if ... {...} else {...} |
| main.rs:194:40:194:40 | s | semmle.label | s |
| main.rs:194:40:194:40 | s | semmle.label | s |
| main.rs:195:9:195:9 | t | semmle.label | t |
| main.rs:195:9:195:9 | t | semmle.label | t |
| main.rs:195:13:195:24 | apply(...) | semmle.label | apply(...) |
| main.rs:195:13:195:24 | apply(...) | semmle.label | apply(...) |
| main.rs:195:23:195:23 | f [captured s] | semmle.label | f [captured s] |
| main.rs:195:23:195:23 | f [captured s] | semmle.label | f [captured s] |
| main.rs:196:10:196:10 | t | semmle.label | t |
| main.rs:196:10:196:10 | t | semmle.label | t |
| main.rs:200:9:200:9 | s | semmle.label | s |
| main.rs:200:9:200:9 | s | semmle.label | s |
| main.rs:200:13:200:22 | source(...) | semmle.label | source(...) |
| main.rs:200:13:200:22 | source(...) | semmle.label | source(...) |
| main.rs:201:14:201:14 | ... | semmle.label | ... |
| main.rs:201:14:201:14 | ... | semmle.label | ... |
| main.rs:201:17:201:42 | if ... {...} else {...} | semmle.label | if ... {...} else {...} |
| main.rs:201:17:201:42 | if ... {...} else {...} | semmle.label | if ... {...} else {...} |
| main.rs:202:9:202:9 | t | semmle.label | t |
| main.rs:202:9:202:9 | t | semmle.label | t |
| main.rs:202:13:202:23 | apply(...) | semmle.label | apply(...) |
| main.rs:202:13:202:23 | apply(...) | semmle.label | apply(...) |
| main.rs:202:19:202:19 | s | semmle.label | s |
| main.rs:202:19:202:19 | s | semmle.label | s |
| main.rs:203:10:203:10 | t | semmle.label | t |
| main.rs:203:10:203:10 | t | semmle.label | t |
| main.rs:212:9:212:9 | s | semmle.label | s |
| main.rs:212:9:212:9 | s | semmle.label | s |
| main.rs:212:13:212:22 | source(...) | semmle.label | source(...) |
| main.rs:212:13:212:22 | source(...) | semmle.label | source(...) |
| main.rs:213:9:213:9 | t | semmle.label | t |
| main.rs:213:9:213:9 | t | semmle.label | t |
| main.rs:213:13:213:31 | get_async_number(...) [future] | semmle.label | get_async_number(...) [future] |
| main.rs:213:13:213:31 | get_async_number(...) [future] | semmle.label | get_async_number(...) [future] |
| main.rs:213:13:213:37 | await ... | semmle.label | await ... |
| main.rs:213:13:213:37 | await ... | semmle.label | await ... |
| main.rs:213:30:213:30 | s | semmle.label | s |
| main.rs:213:30:213:30 | s | semmle.label | s |
| main.rs:214:10:214:10 | t | semmle.label | t |
| main.rs:214:10:214:10 | t | semmle.label | t |
| main.rs:270:9:270:9 | s | semmle.label | s |
| main.rs:270:9:270:9 | s | semmle.label | s |
| main.rs:270:13:270:25 | simple_source | semmle.label | simple_source |
| main.rs:270:13:270:25 | simple_source | semmle.label | simple_source |
| main.rs:270:13:270:29 | simple_source(...) | semmle.label | simple_source(...) |
| main.rs:270:13:270:29 | simple_source(...) | semmle.label | simple_source(...) |
| main.rs:271:10:271:10 | s | semmle.label | s |
| main.rs:271:10:271:10 | s | semmle.label | s |
| main.rs:278:9:278:9 | s | semmle.label | s |
| main.rs:278:9:278:9 | s | semmle.label | s |
| main.rs:278:13:278:22 | source(...) | semmle.label | source(...) |
| main.rs:278:13:278:22 | source(...) | semmle.label | source(...) |
| main.rs:279:5:279:15 | simple_sink | semmle.label | simple_sink |
| main.rs:279:5:279:15 | simple_sink | semmle.label | simple_sink |
| main.rs:279:17:279:17 | s | semmle.label | s |
| main.rs:279:17:279:17 | s | semmle.label | s |
| main.rs:287:5:287:14 | arg_source | semmle.label | arg_source |
| main.rs:287:5:287:14 | arg_source | semmle.label | arg_source |
| main.rs:287:16:287:16 | [post] i | semmle.label | [post] i |
| main.rs:287:16:287:16 | [post] i | semmle.label | [post] i |
| main.rs:288:10:288:10 | i | semmle.label | i |
| main.rs:288:10:288:10 | i | semmle.label | i |
subpaths
| main.rs:195:23:195:23 | f [captured s] | main.rs:194:40:194:40 | s | main.rs:194:17:194:42 | if ... {...} else {...} | main.rs:195:13:195:24 | apply(...) |
| main.rs:195:23:195:23 | f [captured s] | main.rs:194:40:194:40 | s | main.rs:194:17:194:42 | if ... {...} else {...} | main.rs:195:13:195:24 | apply(...) |
| main.rs:202:19:202:19 | s | main.rs:201:14:201:14 | ... | main.rs:201:17:201:42 | if ... {...} else {...} | main.rs:202:13:202:23 | apply(...) |
| main.rs:202:19:202:19 | s | main.rs:201:14:201:14 | ... | main.rs:201:17:201:42 | if ... {...} else {...} | main.rs:202:13:202:23 | apply(...) |
testFailures
| main.rs:42:28:42:46 | //... | Missing result: hasValueFlow=2 |
| main.rs:57:37:57:55 | //... | Missing result: hasValueFlow=3 |
| main.rs:74:30:74:48 | //... | Missing result: hasValueFlow=4 |
| main.rs:89:51:89:69 | //... | Missing result: hasValueFlow=5 |
| main.rs:109:40:109:58 | //... | Missing result: hasValueFlow=6 |
| main.rs:129:29:129:47 | //... | Missing result: hasValueFlow=7 |
| main.rs:236:51:236:70 | //... | Missing result: hasValueFlow=12 |
| main.rs:244:51:244:70 | //... | Missing result: hasValueFlow=13 |
| main.rs:254:47:254:66 | //... | Missing result: hasValueFlow=14 |
| main.rs:261:15:261:34 | //... | Missing result: hasValueFlow=15 |
invalidSpecComponent
#select
| main.rs:16:10:16:20 | identity(...) | main.rs:15:13:15:21 | source(...) | main.rs:16:10:16:20 | identity(...) | $@ | main.rs:15:13:15:21 | source(...) | source(...) |
| main.rs:16:10:16:20 | identity(...) | main.rs:15:13:15:21 | source(...) | main.rs:16:10:16:20 | identity(...) | $@ | main.rs:15:13:15:21 | source(...) | source(...) |
| main.rs:26:10:26:18 | coerce(...) | main.rs:25:13:25:22 | source(...) | main.rs:26:10:26:18 | coerce(...) | $@ | main.rs:25:13:25:22 | source(...) | source(...) |
| main.rs:139:10:139:31 | get_array_element(...) | main.rs:138:13:138:21 | source(...) | main.rs:139:10:139:31 | get_array_element(...) | $@ | main.rs:138:13:138:21 | source(...) | source(...) |
| main.rs:139:10:139:31 | get_array_element(...) | main.rs:138:13:138:21 | source(...) | main.rs:139:10:139:31 | get_array_element(...) | $@ | main.rs:138:13:138:21 | source(...) | source(...) |
| main.rs:150:10:150:15 | arr[0] | main.rs:148:13:148:21 | source(...) | main.rs:150:10:150:15 | arr[0] | $@ | main.rs:148:13:148:21 | source(...) | source(...) |
| main.rs:150:10:150:15 | arr[0] | main.rs:148:13:148:21 | source(...) | main.rs:150:10:150:15 | arr[0] | $@ | main.rs:148:13:148:21 | source(...) | source(...) |
| main.rs:161:10:161:29 | get_tuple_element(...) | main.rs:159:13:159:22 | source(...) | main.rs:161:10:161:29 | get_tuple_element(...) | $@ | main.rs:159:13:159:22 | source(...) | source(...) |
| main.rs:161:10:161:29 | get_tuple_element(...) | main.rs:159:13:159:22 | source(...) | main.rs:161:10:161:29 | get_tuple_element(...) | $@ | main.rs:159:13:159:22 | source(...) | source(...) |
| main.rs:175:10:175:12 | t.1 | main.rs:172:13:172:22 | source(...) | main.rs:175:10:175:12 | t.1 | $@ | main.rs:172:13:172:22 | source(...) | source(...) |
| main.rs:175:10:175:12 | t.1 | main.rs:172:13:172:22 | source(...) | main.rs:175:10:175:12 | t.1 | $@ | main.rs:172:13:172:22 | source(...) | source(...) |
| main.rs:186:14:186:14 | n | main.rs:184:13:184:22 | source(...) | main.rs:186:14:186:14 | n | $@ | main.rs:184:13:184:22 | source(...) | source(...) |
| main.rs:186:14:186:14 | n | main.rs:184:13:184:22 | source(...) | main.rs:186:14:186:14 | n | $@ | main.rs:184:13:184:22 | source(...) | source(...) |
| main.rs:196:10:196:10 | t | main.rs:193:13:193:22 | source(...) | main.rs:196:10:196:10 | t | $@ | main.rs:193:13:193:22 | source(...) | source(...) |
| main.rs:196:10:196:10 | t | main.rs:193:13:193:22 | source(...) | main.rs:196:10:196:10 | t | $@ | main.rs:193:13:193:22 | source(...) | source(...) |
| main.rs:203:10:203:10 | t | main.rs:200:13:200:22 | source(...) | main.rs:203:10:203:10 | t | $@ | main.rs:200:13:200:22 | source(...) | source(...) |
| main.rs:203:10:203:10 | t | main.rs:200:13:200:22 | source(...) | main.rs:203:10:203:10 | t | $@ | main.rs:200:13:200:22 | source(...) | source(...) |
| main.rs:214:10:214:10 | t | main.rs:212:13:212:22 | source(...) | main.rs:214:10:214:10 | t | $@ | main.rs:212:13:212:22 | source(...) | source(...) |
| main.rs:214:10:214:10 | t | main.rs:212:13:212:22 | source(...) | main.rs:214:10:214:10 | t | $@ | main.rs:212:13:212:22 | source(...) | source(...) |
| main.rs:271:10:271:10 | s | main.rs:270:13:270:25 | simple_source | main.rs:271:10:271:10 | s | $@ | main.rs:270:13:270:25 | simple_source | simple_source |
| main.rs:271:10:271:10 | s | main.rs:270:13:270:25 | simple_source | main.rs:271:10:271:10 | s | $@ | main.rs:270:13:270:25 | simple_source | simple_source |
| main.rs:279:5:279:15 | simple_sink | main.rs:278:13:278:22 | source(...) | main.rs:279:5:279:15 | simple_sink | $@ | main.rs:278:13:278:22 | source(...) | source(...) |
| main.rs:279:5:279:15 | simple_sink | main.rs:278:13:278:22 | source(...) | main.rs:279:5:279:15 | simple_sink | $@ | main.rs:278:13:278:22 | source(...) | source(...) |
| main.rs:288:10:288:10 | i | main.rs:287:5:287:14 | arg_source | main.rs:288:10:288:10 | i | $@ | main.rs:287:5:287:14 | arg_source | arg_source |
| main.rs:288:10:288:10 | i | main.rs:287:5:287:14 | arg_source | main.rs:288:10:288:10 | i | $@ | main.rs:287:5:287:14 | arg_source | arg_source |
